// Jest Snapshot v1, https://goo.gl/fbAQLP

exports[`Profile Header can render 1`] = `
ShallowWrapper {
  "length": 1,
  Symbol(enzyme.__root__): [Circular],
  Symbol(enzyme.__unrendered__): <ProfileHeader
    changeState={[Function]}
    controllerIP="1.2.3.4"
    getUser={[Function]}
    gisf={true}
    userInfo={
      Object {
        "isCurrent": true,
        "profile": "spinach",
      }
    }
  />,
  Symbol(enzyme.__renderer__): Object {
    "batchedUpdates": [Function],
    "getNode": [Function],
    "render": [Function],
    "simulateEvent": [Function],
    "unmount": [Function],
  },
  Symbol(enzyme.__node__): Object {
    "instance": null,
    "key": undefined,
    "nodeType": "host",
    "props": Object {
      "children": <div
        className="p-strip is-shallow"
      >
        <div
          className="row p-divider u-no-padding--top u-no-padding--bottom"
        >
          <div
            className="col-10 p-divider__block"
          >
            <div
              className="p-media-object--large u-no-margin--bottom"
            >
              <span
                className="profile-header__avatar tooltip"
              >
                <a
                  aria-describedby="tp-cntr"
                  className="p-tooltip p-tooltip--btm-center"
                  href="http://gravatar.com/"
                  target="_blank"
                >
                  <img
                    alt="Gravatar for Geoffrey Spinach"
                    className="p-media-object__image is-round"
                    src="https://www.gravatar.com/avatar/id123"
                  />
                  <span
                    className="p-tooltip__message"
                    id="tp-cntr"
                    role="tooltip"
                  >
                    Edit your Gravatar
                  </span>
                </a>
              </span>
              <div
                className="p-media-object__details"
              >
                <h1>
                  spinach
                </h1>
                <p
                  className="p-media-object__content"
                >
                  <strong>
                    Geoffrey Spinach
                  </strong>
                </p>
                <p
                  className="p-media-object__content"
                >
                  spinach@example.com
                </p>
              </div>
            </div>
          </div>
          <div
            className="col-2 p-divider__block"
          >
            <ul
              className="p-list ts-profile-header__menu"
            >
              <li
                className="p-list__item"
              >
                <h2>
                  <a
                    href="/"
                  >
                    jaas
                  </a>
                </h2>
                <hr />
              </li>
              <li
                className="p-list__item"
              >
                <a
                  href="https://jujucharms.com/home"
                >
                  Home
                </a>
              </li>
              <li
                className="p-list__item"
              >
                <a
                  href="https://jujucharms.com/jaas"
                >
                  About JAAS
                </a>
              </li>
            </ul>
            <div
              className="profile-header__close"
              onClick={[Function]}
              role="button"
              tabIndex="0"
            >
              <SvgIcon
                name="close_16"
                size="20"
              />
            </div>
          </div>
        </div>
      </div>,
      "className": "profile-header v1",
    },
    "ref": null,
    "rendered": Object {
      "instance": null,
      "key": undefined,
      "nodeType": "host",
      "props": Object {
        "children": <div
          className="row p-divider u-no-padding--top u-no-padding--bottom"
        >
          <div
            className="col-10 p-divider__block"
          >
            <div
              className="p-media-object--large u-no-margin--bottom"
            >
              <span
                className="profile-header__avatar tooltip"
              >
                <a
                  aria-describedby="tp-cntr"
                  className="p-tooltip p-tooltip--btm-center"
                  href="http://gravatar.com/"
                  target="_blank"
                >
                  <img
                    alt="Gravatar for Geoffrey Spinach"
                    className="p-media-object__image is-round"
                    src="https://www.gravatar.com/avatar/id123"
                  />
                  <span
                    className="p-tooltip__message"
                    id="tp-cntr"
                    role="tooltip"
                  >
                    Edit your Gravatar
                  </span>
                </a>
              </span>
              <div
                className="p-media-object__details"
              >
                <h1>
                  spinach
                </h1>
                <p
                  className="p-media-object__content"
                >
                  <strong>
                    Geoffrey Spinach
                  </strong>
                </p>
                <p
                  className="p-media-object__content"
                >
                  spinach@example.com
                </p>
              </div>
            </div>
          </div>
          <div
            className="col-2 p-divider__block"
          >
            <ul
              className="p-list ts-profile-header__menu"
            >
              <li
                className="p-list__item"
              >
                <h2>
                  <a
                    href="/"
                  >
                    jaas
                  </a>
                </h2>
                <hr />
              </li>
              <li
                className="p-list__item"
              >
                <a
                  href="https://jujucharms.com/home"
                >
                  Home
                </a>
              </li>
              <li
                className="p-list__item"
              >
                <a
                  href="https://jujucharms.com/jaas"
                >
                  About JAAS
                </a>
              </li>
            </ul>
            <div
              className="profile-header__close"
              onClick={[Function]}
              role="button"
              tabIndex="0"
            >
              <SvgIcon
                name="close_16"
                size="20"
              />
            </div>
          </div>
        </div>,
        "className": "p-strip is-shallow",
      },
      "ref": null,
      "rendered": Object {
        "instance": null,
        "key": undefined,
        "nodeType": "host",
        "props": Object {
          "children": Array [
            <div
              className="col-10 p-divider__block"
            >
              <div
                className="p-media-object--large u-no-margin--bottom"
              >
                <span
                  className="profile-header__avatar tooltip"
                >
                  <a
                    aria-describedby="tp-cntr"
                    className="p-tooltip p-tooltip--btm-center"
                    href="http://gravatar.com/"
                    target="_blank"
                  >
                    <img
                      alt="Gravatar for Geoffrey Spinach"
                      className="p-media-object__image is-round"
                      src="https://www.gravatar.com/avatar/id123"
                    />
                    <span
                      className="p-tooltip__message"
                      id="tp-cntr"
                      role="tooltip"
                    >
                      Edit your Gravatar
                    </span>
                  </a>
                </span>
                <div
                  className="p-media-object__details"
                >
                  <h1>
                    spinach
                  </h1>
                  <p
                    className="p-media-object__content"
                  >
                    <strong>
                      Geoffrey Spinach
                    </strong>
                  </p>
                  <p
                    className="p-media-object__content"
                  >
                    spinach@example.com
                  </p>
                </div>
              </div>
            </div>,
            <div
              className="col-2 p-divider__block"
            >
              <ul
                className="p-list ts-profile-header__menu"
              >
                <li
                  className="p-list__item"
                >
                  <h2>
                    <a
                      href="/"
                    >
                      jaas
                    </a>
                  </h2>
                  <hr />
                </li>
                <li
                  className="p-list__item"
                >
                  <a
                    href="https://jujucharms.com/home"
                  >
                    Home
                  </a>
                </li>
                <li
                  className="p-list__item"
                >
                  <a
                    href="https://jujucharms.com/jaas"
                  >
                    About JAAS
                  </a>
                </li>
              </ul>
              <div
                className="profile-header__close"
                onClick={[Function]}
                role="button"
                tabIndex="0"
              >
                <SvgIcon
                  name="close_16"
                  size="20"
                />
              </div>
            </div>,
          ],
          "className": "row p-divider u-no-padding--top u-no-padding--bottom",
        },
        "ref": null,
        "rendered": Array [
          Object {
            "instance": null,
            "key": undefined,
            "nodeType": "host",
            "props": Object {
              "children": <div
                className="p-media-object--large u-no-margin--bottom"
              >
                <span
                  className="profile-header__avatar tooltip"
                >
                  <a
                    aria-describedby="tp-cntr"
                    className="p-tooltip p-tooltip--btm-center"
                    href="http://gravatar.com/"
                    target="_blank"
                  >
                    <img
                      alt="Gravatar for Geoffrey Spinach"
                      className="p-media-object__image is-round"
                      src="https://www.gravatar.com/avatar/id123"
                    />
                    <span
                      className="p-tooltip__message"
                      id="tp-cntr"
                      role="tooltip"
                    >
                      Edit your Gravatar
                    </span>
                  </a>
                </span>
                <div
                  className="p-media-object__details"
                >
                  <h1>
                    spinach
                  </h1>
                  <p
                    className="p-media-object__content"
                  >
                    <strong>
                      Geoffrey Spinach
                    </strong>
                  </p>
                  <p
                    className="p-media-object__content"
                  >
                    spinach@example.com
                  </p>
                </div>
              </div>,
              "className": "col-10 p-divider__block",
            },
            "ref": null,
            "rendered": Object {
              "instance": null,
              "key": undefined,
              "nodeType": "host",
              "props": Object {
                "children": Array [
                  <span
                    className="profile-header__avatar tooltip"
                  >
                    <a
                      aria-describedby="tp-cntr"
                      className="p-tooltip p-tooltip--btm-center"
                      href="http://gravatar.com/"
                      target="_blank"
                    >
                      <img
                        alt="Gravatar for Geoffrey Spinach"
                        className="p-media-object__image is-round"
                        src="https://www.gravatar.com/avatar/id123"
                      />
                      <span
                        className="p-tooltip__message"
                        id="tp-cntr"
                        role="tooltip"
                      >
                        Edit your Gravatar
                      </span>
                    </a>
                  </span>,
                  <div
                    className="p-media-object__details"
                  >
                    <h1>
                      spinach
                    </h1>
                    <p
                      className="p-media-object__content"
                    >
                      <strong>
                        Geoffrey Spinach
                      </strong>
                    </p>
                    <p
                      className="p-media-object__content"
                    >
                      spinach@example.com
                    </p>
                  </div>,
                ],
                "className": "p-media-object--large u-no-margin--bottom",
              },
              "ref": null,
              "rendered": Array [
                Object {
                  "instance": null,
                  "key": undefined,
                  "nodeType": "host",
                  "props": Object {
                    "children": <a
                      aria-describedby="tp-cntr"
                      className="p-tooltip p-tooltip--btm-center"
                      href="http://gravatar.com/"
                      target="_blank"
                    >
                      <img
                        alt="Gravatar for Geoffrey Spinach"
                        className="p-media-object__image is-round"
                        src="https://www.gravatar.com/avatar/id123"
                      />
                      <span
                        className="p-tooltip__message"
                        id="tp-cntr"
                        role="tooltip"
                      >
                        Edit your Gravatar
                      </span>
                    </a>,
                    "className": "profile-header__avatar tooltip",
                  },
                  "ref": null,
                  "rendered": Object {
                    "instance": null,
                    "key": undefined,
                    "nodeType": "host",
                    "props": Object {
                      "aria-describedby": "tp-cntr",
                      "children": Array [
                        <img
                          alt="Gravatar for Geoffrey Spinach"
                          className="p-media-object__image is-round"
                          src="https://www.gravatar.com/avatar/id123"
                        />,
                        <span
                          className="p-tooltip__message"
                          id="tp-cntr"
                          role="tooltip"
                        >
                          Edit your Gravatar
                        </span>,
                      ],
                      "className": "p-tooltip p-tooltip--btm-center",
                      "href": "http://gravatar.com/",
                      "target": "_blank",
                    },
                    "ref": null,
                    "rendered": Array [
                      Object {
                        "instance": null,
                        "key": undefined,
                        "nodeType": "host",
                        "props": Object {
                          "alt": "Gravatar for Geoffrey Spinach",
                          "className": "p-media-object__image is-round",
                          "src": "https://www.gravatar.com/avatar/id123",
                        },
                        "ref": null,
                        "rendered": null,
                        "type": "img",
                      },
                      Object {
                        "instance": null,
                        "key": undefined,
                        "nodeType": "host",
                        "props": Object {
                          "children": "Edit your Gravatar",
                          "className": "p-tooltip__message",
                          "id": "tp-cntr",
                          "role": "tooltip",
                        },
                        "ref": null,
                        "rendered": "Edit your Gravatar",
                        "type": "span",
                      },
                    ],
                    "type": "a",
                  },
                  "type": "span",
                },
                Object {
                  "instance": null,
                  "key": undefined,
                  "nodeType": "host",
                  "props": Object {
                    "children": Array [
                      <h1>
                        spinach
                      </h1>,
                      <p
                        className="p-media-object__content"
                      >
                        <strong>
                          Geoffrey Spinach
                        </strong>
                      </p>,
                      <p
                        className="p-media-object__content"
                      >
                        spinach@example.com
                      </p>,
                    ],
                    "className": "p-media-object__details",
                  },
                  "ref": null,
                  "rendered": Array [
                    Object {
                      "instance": null,
                      "key": undefined,
                      "nodeType": "host",
                      "props": Object {
                        "children": "spinach",
                      },
                      "ref": null,
                      "rendered": "spinach",
                      "type": "h1",
                    },
                    Object {
                      "instance": null,
                      "key": undefined,
                      "nodeType": "host",
                      "props": Object {
                        "children": <strong>
                          Geoffrey Spinach
                        </strong>,
                        "className": "p-media-object__content",
                      },
                      "ref": null,
                      "rendered": Object {
                        "instance": null,
                        "key": undefined,
                        "nodeType": "host",
                        "props": Object {
                          "children": "Geoffrey Spinach",
                        },
                        "ref": null,
                        "rendered": "Geoffrey Spinach",
                        "type": "strong",
                      },
                      "type": "p",
                    },
                    Object {
                      "instance": null,
                      "key": undefined,
                      "nodeType": "host",
                      "props": Object {
                        "children": "spinach@example.com",
                        "className": "p-media-object__content",
                      },
                      "ref": null,
                      "rendered": "spinach@example.com",
                      "type": "p",
                    },
                  ],
                  "type": "div",
                },
              ],
              "type": "div",
            },
            "type": "div",
          },
          Object {
            "instance": null,
            "key": undefined,
            "nodeType": "host",
            "props": Object {
              "children": Array [
                <ul
                  className="p-list ts-profile-header__menu"
                >
                  <li
                    className="p-list__item"
                  >
                    <h2>
                      <a
                        href="/"
                      >
                        jaas
                      </a>
                    </h2>
                    <hr />
                  </li>
                  <li
                    className="p-list__item"
                  >
                    <a
                      href="https://jujucharms.com/home"
                    >
                      Home
                    </a>
                  </li>
                  <li
                    className="p-list__item"
                  >
                    <a
                      href="https://jujucharms.com/jaas"
                    >
                      About JAAS
                    </a>
                  </li>
                </ul>,
                <div
                  className="profile-header__close"
                  onClick={[Function]}
                  role="button"
                  tabIndex="0"
                >
                  <SvgIcon
                    name="close_16"
                    size="20"
                  />
                </div>,
              ],
              "className": "col-2 p-divider__block",
            },
            "ref": null,
            "rendered": Array [
              Object {
                "instance": null,
                "key": undefined,
                "nodeType": "host",
                "props": Object {
                  "children": Array [
                    <li
                      className="p-list__item"
                    >
                      <h2>
                        <a
                          href="/"
                        >
                          jaas
                        </a>
                      </h2>
                      <hr />
                    </li>,
                    <li
                      className="p-list__item"
                    >
                      <a
                        href="https://jujucharms.com/home"
                      >
                        Home
                      </a>
                    </li>,
                    <li
                      className="p-list__item"
                    >
                      <a
                        href="https://jujucharms.com/jaas"
                      >
                        About JAAS
                      </a>
                    </li>,
                  ],
                  "className": "p-list ts-profile-header__menu",
                },
                "ref": null,
                "rendered": Array [
                  Object {
                    "instance": null,
                    "key": "controller",
                    "nodeType": "host",
                    "props": Object {
                      "children": Array [
                        <h2>
                          <a
                            href="/"
                          >
                            jaas
                          </a>
                        </h2>,
                        <hr />,
                      ],
                      "className": "p-list__item",
                    },
                    "ref": null,
                    "rendered": Array [
                      Object {
                        "instance": null,
                        "key": undefined,
                        "nodeType": "host",
                        "props": Object {
                          "children": <a
                            href="/"
                          >
                            jaas
                          </a>,
                        },
                        "ref": null,
                        "rendered": Object {
                          "instance": null,
                          "key": undefined,
                          "nodeType": "host",
                          "props": Object {
                            "children": "jaas",
                            "href": "/",
                          },
                          "ref": null,
                          "rendered": "jaas",
                          "type": "a",
                        },
                        "type": "h2",
                      },
                      Object {
                        "instance": null,
                        "key": undefined,
                        "nodeType": "host",
                        "props": Object {},
                        "ref": null,
                        "rendered": null,
                        "type": "hr",
                      },
                    ],
                    "type": "li",
                  },
                  Object {
                    "instance": null,
                    "key": "home",
                    "nodeType": "host",
                    "props": Object {
                      "children": <a
                        href="https://jujucharms.com/home"
                      >
                        Home
                      </a>,
                      "className": "p-list__item",
                    },
                    "ref": null,
                    "rendered": Object {
                      "instance": null,
                      "key": undefined,
                      "nodeType": "host",
                      "props": Object {
                        "children": "Home",
                        "href": "https://jujucharms.com/home",
                      },
                      "ref": null,
                      "rendered": "Home",
                      "type": "a",
                    },
                    "type": "li",
                  },
                  Object {
                    "instance": null,
                    "key": "aboutjaas",
                    "nodeType": "host",
                    "props": Object {
                      "children": <a
                        href="https://jujucharms.com/jaas"
                      >
                        About JAAS
                      </a>,
                      "className": "p-list__item",
                    },
                    "ref": null,
                    "rendered": Object {
                      "instance": null,
                      "key": undefined,
                      "nodeType": "host",
                      "props": Object {
                        "children": "About JAAS",
                        "href": "https://jujucharms.com/jaas",
                      },
                      "ref": null,
                      "rendered": "About JAAS",
                      "type": "a",
                    },
                    "type": "li",
                  },
                ],
                "type": "ul",
              },
              Object {
                "instance": null,
                "key": undefined,
                "nodeType": "host",
                "props": Object {
                  "children": <SvgIcon
                    name="close_16"
                    size="20"
                  />,
                  "className": "profile-header__close",
                  "onClick": [Function],
                  "role": "button",
                  "tabIndex": "0",
                },
                "ref": null,
                "rendered": Object {
                  "instance": null,
                  "key": undefined,
                  "nodeType": "class",
                  "props": Object {
                    "name": "close_16",
                    "size": "20",
                  },
                  "ref": null,
                  "rendered": null,
                  "type": [Function],
                },
                "type": "div",
              },
            ],
            "type": "div",
          },
        ],
        "type": "div",
      },
      "type": "div",
    },
    "type": "div",
  },
  Symbol(enzyme.__nodes__): Array [
    Object {
      "instance": null,
      "key": undefined,
      "nodeType": "host",
      "props": Object {
        "children": <div
          className="p-strip is-shallow"
        >
          <div
            className="row p-divider u-no-padding--top u-no-padding--bottom"
          >
            <div
              className="col-10 p-divider__block"
            >
              <div
                className="p-media-object--large u-no-margin--bottom"
              >
                <span
                  className="profile-header__avatar tooltip"
                >
                  <a
                    aria-describedby="tp-cntr"
                    className="p-tooltip p-tooltip--btm-center"
                    href="http://gravatar.com/"
                    target="_blank"
                  >
                    <img
                      alt="Gravatar for Geoffrey Spinach"
                      className="p-media-object__image is-round"
                      src="https://www.gravatar.com/avatar/id123"
                    />
                    <span
                      className="p-tooltip__message"
                      id="tp-cntr"
                      role="tooltip"
                    >
                      Edit your Gravatar
                    </span>
                  </a>
                </span>
                <div
                  className="p-media-object__details"
                >
                  <h1>
                    spinach
                  </h1>
                  <p
                    className="p-media-object__content"
                  >
                    <strong>
                      Geoffrey Spinach
                    </strong>
                  </p>
                  <p
                    className="p-media-object__content"
                  >
                    spinach@example.com
                  </p>
                </div>
              </div>
            </div>
            <div
              className="col-2 p-divider__block"
            >
              <ul
                className="p-list ts-profile-header__menu"
              >
                <li
                  className="p-list__item"
                >
                  <h2>
                    <a
                      href="/"
                    >
                      jaas
                    </a>
                  </h2>
                  <hr />
                </li>
                <li
                  className="p-list__item"
                >
                  <a
                    href="https://jujucharms.com/home"
                  >
                    Home
                  </a>
                </li>
                <li
                  className="p-list__item"
                >
                  <a
                    href="https://jujucharms.com/jaas"
                  >
                    About JAAS
                  </a>
                </li>
              </ul>
              <div
                className="profile-header__close"
                onClick={[Function]}
                role="button"
                tabIndex="0"
              >
                <SvgIcon
                  name="close_16"
                  size="20"
                />
              </div>
            </div>
          </div>
        </div>,
        "className": "profile-header v1",
      },
      "ref": null,
      "rendered": Object {
        "instance": null,
        "key": undefined,
        "nodeType": "host",
        "props": Object {
          "children": <div
            className="row p-divider u-no-padding--top u-no-padding--bottom"
          >
            <div
              className="col-10 p-divider__block"
            >
              <div
                className="p-media-object--large u-no-margin--bottom"
              >
                <span
                  className="profile-header__avatar tooltip"
                >
                  <a
                    aria-describedby="tp-cntr"
                    className="p-tooltip p-tooltip--btm-center"
                    href="http://gravatar.com/"
                    target="_blank"
                  >
                    <img
                      alt="Gravatar for Geoffrey Spinach"
                      className="p-media-object__image is-round"
                      src="https://www.gravatar.com/avatar/id123"
                    />
                    <span
                      className="p-tooltip__message"
                      id="tp-cntr"
                      role="tooltip"
                    >
                      Edit your Gravatar
                    </span>
                  </a>
                </span>
                <div
                  className="p-media-object__details"
                >
                  <h1>
                    spinach
                  </h1>
                  <p
                    className="p-media-object__content"
                  >
                    <strong>
                      Geoffrey Spinach
                    </strong>
                  </p>
                  <p
                    className="p-media-object__content"
                  >
                    spinach@example.com
                  </p>
                </div>
              </div>
            </div>
            <div
              className="col-2 p-divider__block"
            >
              <ul
                className="p-list ts-profile-header__menu"
              >
                <li
                  className="p-list__item"
                >
                  <h2>
                    <a
                      href="/"
                    >
                      jaas
                    </a>
                  </h2>
                  <hr />
                </li>
                <li
                  className="p-list__item"
                >
                  <a
                    href="https://jujucharms.com/home"
                  >
                    Home
                  </a>
                </li>
                <li
                  className="p-list__item"
                >
                  <a
                    href="https://jujucharms.com/jaas"
                  >
                    About JAAS
                  </a>
                </li>
              </ul>
              <div
                className="profile-header__close"
                onClick={[Function]}
                role="button"
                tabIndex="0"
              >
                <SvgIcon
                  name="close_16"
                  size="20"
                />
              </div>
            </div>
          </div>,
          "className": "p-strip is-shallow",
        },
        "ref": null,
        "rendered": Object {
          "instance": null,
          "key": undefined,
          "nodeType": "host",
          "props": Object {
            "children": Array [
              <div
                className="col-10 p-divider__block"
              >
                <div
                  className="p-media-object--large u-no-margin--bottom"
                >
                  <span
                    className="profile-header__avatar tooltip"
                  >
                    <a
                      aria-describedby="tp-cntr"
                      className="p-tooltip p-tooltip--btm-center"
                      href="http://gravatar.com/"
                      target="_blank"
                    >
                      <img
                        alt="Gravatar for Geoffrey Spinach"
                        className="p-media-object__image is-round"
                        src="https://www.gravatar.com/avatar/id123"
                      />
                      <span
                        className="p-tooltip__message"
                        id="tp-cntr"
                        role="tooltip"
                      >
                        Edit your Gravatar
                      </span>
                    </a>
                  </span>
                  <div
                    className="p-media-object__details"
                  >
                    <h1>
                      spinach
                    </h1>
                    <p
                      className="p-media-object__content"
                    >
                      <strong>
                        Geoffrey Spinach
                      </strong>
                    </p>
                    <p
                      className="p-media-object__content"
                    >
                      spinach@example.com
                    </p>
                  </div>
                </div>
              </div>,
              <div
                className="col-2 p-divider__block"
              >
                <ul
                  className="p-list ts-profile-header__menu"
                >
                  <li
                    className="p-list__item"
                  >
                    <h2>
                      <a
                        href="/"
                      >
                        jaas
                      </a>
                    </h2>
                    <hr />
                  </li>
                  <li
                    className="p-list__item"
                  >
                    <a
                      href="https://jujucharms.com/home"
                    >
                      Home
                    </a>
                  </li>
                  <li
                    className="p-list__item"
                  >
                    <a
                      href="https://jujucharms.com/jaas"
                    >
                      About JAAS
                    </a>
                  </li>
                </ul>
                <div
                  className="profile-header__close"
                  onClick={[Function]}
                  role="button"
                  tabIndex="0"
                >
                  <SvgIcon
                    name="close_16"
                    size="20"
                  />
                </div>
              </div>,
            ],
            "className": "row p-divider u-no-padding--top u-no-padding--bottom",
          },
          "ref": null,
          "rendered": Array [
            Object {
              "instance": null,
              "key": undefined,
              "nodeType": "host",
              "props": Object {
                "children": <div
                  className="p-media-object--large u-no-margin--bottom"
                >
                  <span
                    className="profile-header__avatar tooltip"
                  >
                    <a
                      aria-describedby="tp-cntr"
                      className="p-tooltip p-tooltip--btm-center"
                      href="http://gravatar.com/"
                      target="_blank"
                    >
                      <img
                        alt="Gravatar for Geoffrey Spinach"
                        className="p-media-object__image is-round"
                        src="https://www.gravatar.com/avatar/id123"
                      />
                      <span
                        className="p-tooltip__message"
                        id="tp-cntr"
                        role="tooltip"
                      >
                        Edit your Gravatar
                      </span>
                    </a>
                  </span>
                  <div
                    className="p-media-object__details"
                  >
                    <h1>
                      spinach
                    </h1>
                    <p
                      className="p-media-object__content"
                    >
                      <strong>
                        Geoffrey Spinach
                      </strong>
                    </p>
                    <p
                      className="p-media-object__content"
                    >
                      spinach@example.com
                    </p>
                  </div>
                </div>,
                "className": "col-10 p-divider__block",
              },
              "ref": null,
              "rendered": Object {
                "instance": null,
                "key": undefined,
                "nodeType": "host",
                "props": Object {
                  "children": Array [
                    <span
                      className="profile-header__avatar tooltip"
                    >
                      <a
                        aria-describedby="tp-cntr"
                        className="p-tooltip p-tooltip--btm-center"
                        href="http://gravatar.com/"
                        target="_blank"
                      >
                        <img
                          alt="Gravatar for Geoffrey Spinach"
                          className="p-media-object__image is-round"
                          src="https://www.gravatar.com/avatar/id123"
                        />
                        <span
                          className="p-tooltip__message"
                          id="tp-cntr"
                          role="tooltip"
                        >
                          Edit your Gravatar
                        </span>
                      </a>
                    </span>,
                    <div
                      className="p-media-object__details"
                    >
                      <h1>
                        spinach
                      </h1>
                      <p
                        className="p-media-object__content"
                      >
                        <strong>
                          Geoffrey Spinach
                        </strong>
                      </p>
                      <p
                        className="p-media-object__content"
                      >
                        spinach@example.com
                      </p>
                    </div>,
                  ],
                  "className": "p-media-object--large u-no-margin--bottom",
                },
                "ref": null,
                "rendered": Array [
                  Object {
                    "instance": null,
                    "key": undefined,
                    "nodeType": "host",
                    "props": Object {
                      "children": <a
                        aria-describedby="tp-cntr"
                        className="p-tooltip p-tooltip--btm-center"
                        href="http://gravatar.com/"
                        target="_blank"
                      >
                        <img
                          alt="Gravatar for Geoffrey Spinach"
                          className="p-media-object__image is-round"
                          src="https://www.gravatar.com/avatar/id123"
                        />
                        <span
                          className="p-tooltip__message"
                          id="tp-cntr"
                          role="tooltip"
                        >
                          Edit your Gravatar
                        </span>
                      </a>,
                      "className": "profile-header__avatar tooltip",
                    },
                    "ref": null,
                    "rendered": Object {
                      "instance": null,
                      "key": undefined,
                      "nodeType": "host",
                      "props": Object {
                        "aria-describedby": "tp-cntr",
                        "children": Array [
                          <img
                            alt="Gravatar for Geoffrey Spinach"
                            className="p-media-object__image is-round"
                            src="https://www.gravatar.com/avatar/id123"
                          />,
                          <span
                            className="p-tooltip__message"
                            id="tp-cntr"
                            role="tooltip"
                          >
                            Edit your Gravatar
                          </span>,
                        ],
                        "className": "p-tooltip p-tooltip--btm-center",
                        "href": "http://gravatar.com/",
                        "target": "_blank",
                      },
                      "ref": null,
                      "rendered": Array [
                        Object {
                          "instance": null,
                          "key": undefined,
                          "nodeType": "host",
                          "props": Object {
                            "alt": "Gravatar for Geoffrey Spinach",
                            "className": "p-media-object__image is-round",
                            "src": "https://www.gravatar.com/avatar/id123",
                          },
                          "ref": null,
                          "rendered": null,
                          "type": "img",
                        },
                        Object {
                          "instance": null,
                          "key": undefined,
                          "nodeType": "host",
                          "props": Object {
                            "children": "Edit your Gravatar",
                            "className": "p-tooltip__message",
                            "id": "tp-cntr",
                            "role": "tooltip",
                          },
                          "ref": null,
                          "rendered": "Edit your Gravatar",
                          "type": "span",
                        },
                      ],
                      "type": "a",
                    },
                    "type": "span",
                  },
                  Object {
                    "instance": null,
                    "key": undefined,
                    "nodeType": "host",
                    "props": Object {
                      "children": Array [
                        <h1>
                          spinach
                        </h1>,
                        <p
                          className="p-media-object__content"
                        >
                          <strong>
                            Geoffrey Spinach
                          </strong>
                        </p>,
                        <p
                          className="p-media-object__content"
                        >
                          spinach@example.com
                        </p>,
                      ],
                      "className": "p-media-object__details",
                    },
                    "ref": null,
                    "rendered": Array [
                      Object {
                        "instance": null,
                        "key": undefined,
                        "nodeType": "host",
                        "props": Object {
                          "children": "spinach",
                        },
                        "ref": null,
                        "rendered": "spinach",
                        "type": "h1",
                      },
                      Object {
                        "instance": null,
                        "key": undefined,
                        "nodeType": "host",
                        "props": Object {
                          "children": <strong>
                            Geoffrey Spinach
                          </strong>,
                          "className": "p-media-object__content",
                        },
                        "ref": null,
                        "rendered": Object {
                          "instance": null,
                          "key": undefined,
                          "nodeType": "host",
                          "props": Object {
                            "children": "Geoffrey Spinach",
                          },
                          "ref": null,
                          "rendered": "Geoffrey Spinach",
                          "type": "strong",
                        },
                        "type": "p",
                      },
                      Object {
                        "instance": null,
                        "key": undefined,
                        "nodeType": "host",
                        "props": Object {
                          "children": "spinach@example.com",
                          "className": "p-media-object__content",
                        },
                        "ref": null,
                        "rendered": "spinach@example.com",
                        "type": "p",
                      },
                    ],
                    "type": "div",
                  },
                ],
                "type": "div",
              },
              "type": "div",
            },
            Object {
              "instance": null,
              "key": undefined,
              "nodeType": "host",
              "props": Object {
                "children": Array [
                  <ul
                    className="p-list ts-profile-header__menu"
                  >
                    <li
                      className="p-list__item"
                    >
                      <h2>
                        <a
                          href="/"
                        >
                          jaas
                        </a>
                      </h2>
                      <hr />
                    </li>
                    <li
                      className="p-list__item"
                    >
                      <a
                        href="https://jujucharms.com/home"
                      >
                        Home
                      </a>
                    </li>
                    <li
                      className="p-list__item"
                    >
                      <a
                        href="https://jujucharms.com/jaas"
                      >
                        About JAAS
                      </a>
                    </li>
                  </ul>,
                  <div
                    className="profile-header__close"
                    onClick={[Function]}
                    role="button"
                    tabIndex="0"
                  >
                    <SvgIcon
                      name="close_16"
                      size="20"
                    />
                  </div>,
                ],
                "className": "col-2 p-divider__block",
              },
              "ref": null,
              "rendered": Array [
                Object {
                  "instance": null,
                  "key": undefined,
                  "nodeType": "host",
                  "props": Object {
                    "children": Array [
                      <li
                        className="p-list__item"
                      >
                        <h2>
                          <a
                            href="/"
                          >
                            jaas
                          </a>
                        </h2>
                        <hr />
                      </li>,
                      <li
                        className="p-list__item"
                      >
                        <a
                          href="https://jujucharms.com/home"
                        >
                          Home
                        </a>
                      </li>,
                      <li
                        className="p-list__item"
                      >
                        <a
                          href="https://jujucharms.com/jaas"
                        >
                          About JAAS
                        </a>
                      </li>,
                    ],
                    "className": "p-list ts-profile-header__menu",
                  },
                  "ref": null,
                  "rendered": Array [
                    Object {
                      "instance": null,
                      "key": "controller",
                      "nodeType": "host",
                      "props": Object {
                        "children": Array [
                          <h2>
                            <a
                              href="/"
                            >
                              jaas
                            </a>
                          </h2>,
                          <hr />,
                        ],
                        "className": "p-list__item",
                      },
                      "ref": null,
                      "rendered": Array [
                        Object {
                          "instance": null,
                          "key": undefined,
                          "nodeType": "host",
                          "props": Object {
                            "children": <a
                              href="/"
                            >
                              jaas
                            </a>,
                          },
                          "ref": null,
                          "rendered": Object {
                            "instance": null,
                            "key": undefined,
                            "nodeType": "host",
                            "props": Object {
                              "children": "jaas",
                              "href": "/",
                            },
                            "ref": null,
                            "rendered": "jaas",
                            "type": "a",
                          },
                          "type": "h2",
                        },
                        Object {
                          "instance": null,
                          "key": undefined,
                          "nodeType": "host",
                          "props": Object {},
                          "ref": null,
                          "rendered": null,
                          "type": "hr",
                        },
                      ],
                      "type": "li",
                    },
                    Object {
                      "instance": null,
                      "key": "home",
                      "nodeType": "host",
                      "props": Object {
                        "children": <a
                          href="https://jujucharms.com/home"
                        >
                          Home
                        </a>,
                        "className": "p-list__item",
                      },
                      "ref": null,
                      "rendered": Object {
                        "instance": null,
                        "key": undefined,
                        "nodeType": "host",
                        "props": Object {
                          "children": "Home",
                          "href": "https://jujucharms.com/home",
                        },
                        "ref": null,
                        "rendered": "Home",
                        "type": "a",
                      },
                      "type": "li",
                    },
                    Object {
                      "instance": null,
                      "key": "aboutjaas",
                      "nodeType": "host",
                      "props": Object {
                        "children": <a
                          href="https://jujucharms.com/jaas"
                        >
                          About JAAS
                        </a>,
                        "className": "p-list__item",
                      },
                      "ref": null,
                      "rendered": Object {
                        "instance": null,
                        "key": undefined,
                        "nodeType": "host",
                        "props": Object {
                          "children": "About JAAS",
                          "href": "https://jujucharms.com/jaas",
                        },
                        "ref": null,
                        "rendered": "About JAAS",
                        "type": "a",
                      },
                      "type": "li",
                    },
                  ],
                  "type": "ul",
                },
                Object {
                  "instance": null,
                  "key": undefined,
                  "nodeType": "host",
                  "props": Object {
                    "children": <SvgIcon
                      name="close_16"
                      size="20"
                    />,
                    "className": "profile-header__close",
                    "onClick": [Function],
                    "role": "button",
                    "tabIndex": "0",
                  },
                  "ref": null,
                  "rendered": Object {
                    "instance": null,
                    "key": undefined,
                    "nodeType": "class",
                    "props": Object {
                      "name": "close_16",
                      "size": "20",
                    },
                    "ref": null,
                    "rendered": null,
                    "type": [Function],
                  },
                  "type": "div",
                },
              ],
              "type": "div",
            },
          ],
          "type": "div",
        },
        "type": "div",
      },
      "type": "div",
    },
  ],
  Symbol(enzyme.__options__): Object {
    "adapter": ReactSixteenAdapter {
      "options": Object {
        "enableComponentDidUpdateOnSetState": true,
      },
    },
  },
}
`;
