// Jest Snapshot v1, https://goo.gl/fbAQLP

exports[`Invoice Bundle List can render 1`] = `
<div
  className="profile-invoice-list"
>
  <div>
    <div
      className="v1"
    >
      <h2
        className="profile__title"
      >
        Payment history
      </h2>
    </div>
    <BasicTable
      headerClasses={
        Array [
          "profile__entity-table-header-row",
        ]
      }
      headerColumnClasses={
        Array [
          "profile__entity-table-header-column",
        ]
      }
      headers={
        Array [
          Object {
            "columnSize": 3,
            "content": "Status",
          },
          Object {
            "columnSize": 3,
            "content": "Invoice Number",
          },
          Object {
            "columnSize": 3,
            "content": "Charged to",
          },
          Object {
            "columnSize": 3,
            "content": "Date",
          },
        ]
      }
      rowClasses={
        Array [
          "profile__entity-table-row",
        ]
      }
      rowColumnClasses={
        Array [
          "profile__entity-table-column",
        ]
      }
      rows={
        Array [
          Object {
            "columns": Array [
              Object {
                "columnSize": 3,
                "content": "Paid",
              },
              Object {
                "columnSize": 3,
                "content": <a
                  href="#invoices/42"
                >
                  100001
                </a>,
              },
              Object {
                "columnSize": 3,
                "content": "card ending 1234",
              },
              Object {
                "columnSize": 3,
                "content": "12/05/2017",
              },
            ],
            "key": "100001",
          },
          Object {
            "columns": Array [
              Object {
                "columnSize": 3,
                "content": "Declined: will retry",
              },
              Object {
                "columnSize": 3,
                "content": <a
                  href="#invoices/42"
                >
                  100002
                </a>,
              },
              Object {
                "columnSize": 3,
                "content": "card ending 1231",
              },
              Object {
                "columnSize": 3,
                "content": "12/05/2017",
              },
            ],
            "key": "100002",
          },
        ]
      }
    />
  </div>
</div>
`;
