// Jest Snapshot v1, https://goo.gl/fbAQLP

exports[`DeploymentCredential can render with a cloud 1`] = `
<div
  className="clearfix"
>
  <ExpandingRow
    classes={
      Object {
        "no-margin-bottom": true,
        "twelve-col": true,
      }
    }
    clickable={false}
    expanded={true}
  >
    <DeploymentCredentialAdd
      acl={
        Object {
          "isReadOnly": [Function],
        }
      }
      addNotification={[Function]}
      analytics={
        Object {
          "addCategory": [Function],
          "sendEvent": [Function],
        }
      }
      cloud={
        Object {
          "id": "azure",
          "regions": Array [
            Object {
              "name": "test-region",
            },
          ],
        }
      }
      credentials={Array []}
      onCancel={null}
      onCredentialUpdated={[Function]}
      updateCloudCredential={[Function]}
      user="user-admin"
    />
  </ExpandingRow>
</div>
`;

exports[`DeploymentCredential can show existing credentials 1`] = `
<div
  className="clearfix"
>
  <ExpandingRow
    classes={
      Object {
        "no-margin-bottom": true,
        "twelve-col": true,
      }
    }
    clickable={false}
    expanded={false}
  >
    <form
      className="deployment-credential__form"
    >
      <div
        className="prepend-two four-col"
      >
        <InsetSelect
          disabled={false}
          label="Credential"
          onChange={[Function]}
          options={
            Array [
              Object {
                "label": "default",
                "value": "lxd_admin@local_default",
              },
              Object {
                "label": "Add credential...",
                "value": "add-credential",
              },
            ]
          }
        />
      </div>
      <div
        className="four-col deployment-credential__form-region"
      >
        <InsetSelect
          disabled={false}
          label="Region"
          onChange={[Function]}
          options={
            Array [
              Object {
                "label": "Default",
                "value": "",
              },
              Object {
                "label": "test-region",
                "value": "test-region",
              },
            ]
          }
        />
      </div>
    </form>
  </ExpandingRow>
</div>
`;
