// Jest Snapshot v1, https://goo.gl/fbAQLP

exports[`ProfileCredentialList can render 1`] = `
<div
  className="profile-credential-list"
>
  <div
    className="profile-credential-list__header"
  >
    <h2
      className="profile__title"
    >
      My credentials
      <span
        className="profile__title-count"
      >
        (
        0
        )
      </span>
    </h2>
    <div
      className="profile-credential-list__add"
    >
      <Button
        action={[Function]}
        type="p-button--neutral"
      >
        Add credentials
      </Button>
    </div>
  </div>
  <ExpandingRow
    clickable={false}
    expanded={false}
  >
    <React.Fragment />
  </ExpandingRow>
  <Spinner />
</div>
`;
