// Jest Snapshot v1, https://goo.gl/fbAQLP

exports[`ProfileCredentialList can render 1`] = `
<div
  className="profile-credential-list"
>
  <div
    className="profile-credential-list__header v1"
  >
    <h2
      className="profile__title"
    >
      My credentials
      <span
        className="profile__title-count"
      >
        (
        0
        )
      </span>
    </h2>
    <div
      className="profile-credential-list__add"
    >
      <GenericButton
        action={[Function]}
        type="inline-neutral"
      >
        Add credentials
      </GenericButton>
    </div>
  </div>
  <Spinner />
</div>
`;
