// Jest Snapshot v1, https://goo.gl/fbAQLP

exports[`AddedServicesLabel renders 1`] = `
<li
  className="inspector-view__label-item"
>
  <div
    className="inspector-view__label-name"
  >
    elasticsearch cluster
  </div>
  <ul
    className="inspector-view__label-link-list"
  >
    <li
      onClick={[Function]}
    >
      Readme
    </li>
    <li
      onClick={[Function]}
    >
      Get Started
    </li>
  </ul>
</li>
`;
