// Jest Snapshot v1, https://goo.gl/fbAQLP

exports[`StatusModel renders 1`] = `
<div>
  <div
    className="twelve-col no-margin-bottom"
  >
    <div
      className="eight-col"
    >
      <h2>
        my-model
        <span
          className="status-view__traffic-light status-view__traffic-light--error"
          onClick={[Function]}
          role="button"
          tabIndex="0"
          title="Items are in error"
        />
      </h2>
    </div>
    <div
      className="status-view__filter-label two-col"
    >
      Filter status:
    </div>
    <div
      className="status-view__filter two-col last-col"
    >
      <select
        className="status-view__filter-select"
        onChange={[Function]}
        value="none"
      >
        <option
          className="status-view__filter-option"
          key="none"
          value="none"
        >
          none
        </option>
        <option
          className="status-view__filter-option"
          key="error"
          value="error"
        >
          error
        </option>
        <option
          className="status-view__filter-option"
          key="pending"
          value="pending"
        >
          pending
        </option>
        <option
          className="status-view__filter-option"
          key="ok"
          value="ok"
        >
          ok
        </option>
      </select>
    </div>
  </div>
  <BasicTable
    headerClasses={Array []}
    headers={
      Array [
        Object {
          "columnSize": 2,
          "content": "Cloud/Region",
        },
        Object {
          "columnSize": 2,
          "content": "Version",
        },
        Object {
          "columnSize": 1,
          "content": "SLA",
        },
        Object {
          "columnSize": 2,
          "content": "Applications",
        },
        Object {
          "columnSize": 2,
          "content": "Remote applications",
        },
        Object {
          "columnSize": 1,
          "content": "Units",
        },
        Object {
          "columnSize": 1,
          "content": "Machines",
        },
        Object {
          "columnSize": 1,
          "content": "Relations",
        },
      ]
    }
    rowClasses={Array []}
    rows={
      Array [
        Object {
          "columns": Array [
            Object {
              "columnSize": 2,
              "content": "aws/neutral zone",
            },
            Object {
              "columnSize": 2,
              "content": "2.42.47",
            },
            Object {
              "columnSize": 1,
              "content": "advanced",
            },
            Object {
              "columnSize": 2,
              "content": 5,
            },
            Object {
              "columnSize": 2,
              "content": 7,
            },
            Object {
              "columnSize": 1,
              "content": 1,
            },
            Object {
              "columnSize": 1,
              "content": 3,
            },
            Object {
              "columnSize": 1,
              "content": 9,
            },
          ],
          "key": "model",
        },
      ]
    }
  />
</div>
`;
