// Jest Snapshot v1, https://goo.gl/fbAQLP

exports[`DeploymentPricing can render 1`] = `
<div
  className="deployment-pricing"
>
  <DeploymentPlanTable
    addNotification={[Function]}
    applications={Array []}
    charms={Object {}}
    listPlansForCharm={[Function]}
  />
  <div
    className="twelve-col"
  >
    <div
      className="six-col deployment-pricing__secondary-text"
    >
      Monthly cost is determined by price plan, support level, and by usage.
    </div>
    <div
      className="six-col last-col u-align--right deployment-pricing__estimated-price"
    >
      Estimated application cost:
      <span
        className="deployment-pricing__estimated-price-number"
      >
        $
        3500
      </span>
    </div>
  </div>
  <div
    className="twelve-col no-margin-bottom"
    id="support-level"
  >
    <div
      className="six-col deployment-pricing__support-title"
    >
      Choose your level of support
    </div>
    <div
      className="six-col last-col u-align--right deployment-pricing__estimated-price"
    >
      <a
        href="https://www.ubuntu.com/support/plans-and-pricing#ua-support"
        target="_blank"
      >
        Support details
      </a>
    </div>
  </div>
  <DeploymentSupportSelection
    analytics={
      Object {
        "addCategory": [Function],
        "sendEvent": [Function],
      }
    }
    getSLAMachineRates={[Function]}
    machineCount="3"
    setSLA={[Function]}
  />
  <div
    className="twelve-col no-margin-bottom"
  >
    <div
      className="six-col no-margin-bottom deployment-pricing__secondary-text"
    >
      <strong>
        Estimated costs based on 
        3
         
        machines
        .
      </strong>
       Support is billed monthly. You can upgrade the level at any time, and downgrade at the end of a month.
    </div>
    <div
      className="six-col last-col u-align--right no-margin-bottom"
    >
      <Link
        changeState={[Function]}
        classes={Array []}
        clickState={
          Object {
            "gui": Object {
              "deploy": "",
            },
          }
        }
        generatePath={[Function]}
      >
        Unsupported version
      </Link>
    </div>
  </div>
</div>
`;
