// Jest Snapshot v1, https://goo.gl/fbAQLP

exports[`Profile Model List can render 1`] = `
<div
  className="profile-model-list"
>
  <div
    className="profile-model-list__header"
  >
    <h2
      className="profile__title"
    >
      My models
      <span
        className="profile__title-count"
      >
        (
        4
        )
      </span>
    </h2>
    <CreateModelButton
      changeState={[Function]}
      switchModel={[Function]}
      title="Start a new model"
      type="inline-neutral"
    />
  </div>
  <BasicTable
    headerClasses={Array []}
    headers={
      Array [
        Object {
          "content": "Name",
        },
        Object {
          "content": "Owner",
        },
        Object {
          "content": "Machines, cloud/region",
        },
        Object {
          "content": "",
        },
        Object {
          "content": "Last accessed",
        },
        Object {
          "content": "",
        },
      ]
    }
    rowClasses={Array []}
    rows={
      Array [
        Object {
          "columns": Array [
            Object {
              "content": <a
                href="/gui/u/tester/mymodel"
                onClick={[Function]}
              >
                mymodel
              </a>,
            },
            Object {
              "content": "Me",
            },
            Object {
              "content": <React.Fragment>
                <span
                  className="profile-model-list__machine-number"
                >
                  0
                </span>
                aws
                /eu-west-1
              </React.Fragment>,
            },
            Object {
              "content": <span
                className="profile-model-list__access tooltip"
              >
                <span
                  className="tooltip__tooltip"
                >
                  <span
                    className="tooltip__inner tooltip__inner--down"
                  >
                    admin
                  </span>
                </span>
                <SvgIcon
                  name="user_16"
                  size="16"
                />
              </span>,
            },
            Object {
              "content": <DateDisplay
                date="2017-07-06T14:47:03.000Z"
                relative={true}
              />,
            },
            Object {
              "content": <a
                onClick={[Function]}
              >
                <SvgIcon
                  name="delete_16"
                  size="16"
                />
              </a>,
            },
          ],
          "expandedContent": <React.Fragment>
            <td>
              <a
                href="/gui/u/tester/mymodel"
                onClick={[Function]}
              >
                mymodel
              </a>
            </td>
            <td>
              Me
            </td>
            <td>
              <React.Fragment>
                <span
                  className="profile-model-list__machine-number"
                >
                  0
                </span>
                aws
                /eu-west-1
              </React.Fragment>
              <a
                className="profile-model-list__link"
                onClick={[Function]}
                role="button"
                tabIndex="0"
              >
                base
              </a>
            </td>
            <td>
              <span
                className="profile-model-list__access tooltip"
              >
                <span
                  className="tooltip__tooltip"
                >
                  <span
                    className="tooltip__inner tooltip__inner--down"
                  >
                    admin
                  </span>
                </span>
                <SvgIcon
                  name="user_16"
                  size="16"
                />
              </span>
            </td>
            <td>
              <DateDisplay
                date="2017-07-06T14:47:03.000Z"
                relative={true}
              />
            </td>
            <td>
              <a
                onClick={[Function]}
              >
                <SvgIcon
                  name="delete_16"
                  size="16"
                />
              </a>
            </td>
          </React.Fragment>,
          "key": "mymodel",
        },
        Object {
          "columns": Array [
            Object {
              "content": <a
                href="/gui/u/tester/mymodel2"
                onClick={[Function]}
              >
                mymodel2
              </a>,
            },
            Object {
              "content": "Me",
            },
            Object {
              "content": <React.Fragment>
                <span
                  className="profile-model-list__machine-number"
                >
                  0
                </span>
                google
                /us-central1
              </React.Fragment>,
            },
            Object {
              "content": <span
                className="profile-model-list__access tooltip"
              >
                <span
                  className="tooltip__tooltip"
                >
                  <span
                    className="tooltip__inner tooltip__inner--down"
                  >
                    admin
                  </span>
                </span>
                <SvgIcon
                  name="user_16"
                  size="16"
                />
              </span>,
            },
            Object {
              "content": <DateDisplay
                date="2017-07-06T16:26:47.000Z"
                relative={true}
              />,
            },
            Object {
              "content": <a
                onClick={[Function]}
              >
                <SvgIcon
                  name="delete_16"
                  size="16"
                />
              </a>,
            },
          ],
          "expandedContent": <React.Fragment>
            <td>
              <a
                href="/gui/u/tester/mymodel2"
                onClick={[Function]}
              >
                mymodel2
              </a>
            </td>
            <td>
              Me
            </td>
            <td>
              <React.Fragment>
                <span
                  className="profile-model-list__machine-number"
                >
                  0
                </span>
                google
                /us-central1
              </React.Fragment>
              <a
                className="profile-model-list__link"
                onClick={[Function]}
                role="button"
                tabIndex="0"
              >
                admin
              </a>
            </td>
            <td>
              <span
                className="profile-model-list__access tooltip"
              >
                <span
                  className="tooltip__tooltip"
                >
                  <span
                    className="tooltip__inner tooltip__inner--down"
                  >
                    admin
                  </span>
                </span>
                <SvgIcon
                  name="user_16"
                  size="16"
                />
              </span>
            </td>
            <td>
              <DateDisplay
                date="2017-07-06T16:26:47.000Z"
                relative={true}
              />
            </td>
            <td>
              <a
                onClick={[Function]}
              >
                <SvgIcon
                  name="delete_16"
                  size="16"
                />
              </a>
            </td>
          </React.Fragment>,
          "key": "mymodel2",
        },
        Object {
          "columns": Array [
            Object {
              "content": <a
                href="/gui/u/tester2/test-db"
                onClick={[Function]}
              >
                test-db
              </a>,
            },
            Object {
              "content": "tester2",
            },
            Object {
              "content": <React.Fragment>
                <span
                  className="profile-model-list__machine-number"
                >
                  2
                </span>
                google
                /us-east1
              </React.Fragment>,
            },
            Object {
              "content": <span
                className="profile-model-list__access tooltip"
              >
                <span
                  className="tooltip__tooltip"
                >
                  <span
                    className="tooltip__inner tooltip__inner--down"
                  >
                    read
                  </span>
                </span>
                <SvgIcon
                  name="show_16"
                  size="16"
                />
              </span>,
            },
            Object {
              "content": <DateDisplay
                date="--"
                relative={true}
              />,
            },
            Object {
              "content": null,
            },
          ],
          "expandedContent": <React.Fragment>
            <td>
              <a
                href="/gui/u/tester2/test-db"
                onClick={[Function]}
              >
                test-db
              </a>
            </td>
            <td>
              tester2
            </td>
            <td>
              <React.Fragment>
                <span
                  className="profile-model-list__machine-number"
                >
                  2
                </span>
                google
                /us-east1
              </React.Fragment>
              <p
                className="col-12"
              >
                No additional information available on shared model.
              </p>
            </td>
            <td>
              <span
                className="profile-model-list__access tooltip"
              >
                <span
                  className="tooltip__tooltip"
                >
                  <span
                    className="tooltip__inner tooltip__inner--down"
                  >
                    read
                  </span>
                </span>
                <SvgIcon
                  name="show_16"
                  size="16"
                />
              </span>
            </td>
            <td>
              <DateDisplay
                date="--"
                relative={true}
              />
            </td>
            <td />
          </React.Fragment>,
          "key": "test-db",
        },
        Object {
          "columns": Array [
            Object {
              "content": <a
                href="/gui/u/tester3/website"
                onClick={[Function]}
              >
                website
              </a>,
            },
            Object {
              "content": "tester3",
            },
            Object {
              "content": <React.Fragment>
                <span
                  className="profile-model-list__machine-number"
                >
                  25
                </span>
                google
                /us-east1
              </React.Fragment>,
            },
            Object {
              "content": <span
                className="profile-model-list__access tooltip"
              >
                <span
                  className="tooltip__tooltip"
                >
                  <span
                    className="tooltip__inner tooltip__inner--down"
                  >
                    admin
                  </span>
                </span>
                <SvgIcon
                  name="user_16"
                  size="16"
                />
              </span>,
            },
            Object {
              "content": <DateDisplay
                date="2017-07-05T01:42:05.000Z"
                relative={true}
              />,
            },
            Object {
              "content": <a
                onClick={[Function]}
              >
                <SvgIcon
                  name="delete_16"
                  size="16"
                />
              </a>,
            },
          ],
          "expandedContent": <React.Fragment>
            <td>
              <a
                href="/gui/u/tester3/website"
                onClick={[Function]}
              >
                website
              </a>
            </td>
            <td>
              tester3
            </td>
            <td>
              <React.Fragment>
                <span
                  className="profile-model-list__machine-number"
                >
                  25
                </span>
                google
                /us-east1
              </React.Fragment>
              <p
                className="col-12"
              >
                No additional information available on shared model.
              </p>
            </td>
            <td>
              <span
                className="profile-model-list__access tooltip"
              >
                <span
                  className="tooltip__tooltip"
                >
                  <span
                    className="tooltip__inner tooltip__inner--down"
                  >
                    admin
                  </span>
                </span>
                <SvgIcon
                  name="user_16"
                  size="16"
                />
              </span>
            </td>
            <td>
              <DateDisplay
                date="2017-07-05T01:42:05.000Z"
                relative={true}
              />
            </td>
            <td>
              <a
                onClick={[Function]}
              >
                <SvgIcon
                  name="delete_16"
                  size="16"
                />
              </a>
            </td>
          </React.Fragment>,
          "key": "website",
        },
      ]
    }
  />
</div>
`;
