// Jest Snapshot v1, https://goo.gl/fbAQLP

exports[`DeploymentSupportSelectionPlan can render 1`] = `
<div
  className="deployment-support-select-plan four-col"
>
  <div
    className="deployment-support-select-plan__card"
    onClick={[Function]}
    role="button"
    tabIndex="0"
  >
    <h3>
      Gold
    </h3>
    <ul
      className="deployment-support-select-plan__features"
    >
      <li
        className="deployment-support-select-plan__feature"
        key="feature 10"
      >
        <SvgIcon
          name="bullet"
          size="14"
        />
        feature 1
      </li>
      <li
        className="deployment-support-select-plan__feature"
        key="feature 21"
      >
        <SvgIcon
          name="bullet"
          size="14"
        />
        feature 2
      </li>
    </ul>
    <div
      className="deployment-support-select-plan__price"
    >
      Monthly cost
      <span
        className="deployment-support-select-plan__price-number"
      >
        $
        3600.00
      </span>
    </div>
  </div>
  <div
    className="deployment-support-select-plan__hour-price"
  >
    $
    0.5
     per machine-hour
  </div>
</div>
`;
