// Jest Snapshot v1, https://goo.gl/fbAQLP

exports[`StatusRemoteApplicationList renders 1`] = `
<StatusTable
  headers={
    Array [
      Object {
        "columnSize": 3,
        "content": "SAAS",
      },
      Object {
        "columnSize": 3,
        "content": "Status",
      },
      Object {
        "columnSize": 3,
        "content": "Store",
      },
      Object {
        "columnSize": 3,
        "content": "URL",
      },
    ]
  }
  rows={
    Array [
      Object {
        "columns": Array [
          Object {
            "columnSize": 3,
            "content": "haproxy",
          },
          Object {
            "columnSize": 3,
            "content": "unknown",
          },
          Object {
            "columnSize": 3,
            "content": "local",
          },
          Object {
            "columnSize": 3,
            "content": "admin/saas.haproxy",
          },
        ],
        "extraData": "ok",
        "key": "local:admin/saas.haproxy",
      },
      Object {
        "columns": Array [
          Object {
            "columnSize": 3,
            "content": "mongo",
          },
          Object {
            "columnSize": 3,
            "content": "corrupting data",
          },
          Object {
            "columnSize": 3,
            "content": "local",
          },
          Object {
            "columnSize": 3,
            "content": "admin/my.mongo",
          },
        ],
        "extraData": "ok",
        "key": "local:admin/my.mongo",
      },
    ]
  }
/>
`;
